Unity Editor version:    2021.3.45f2 (88f88f591b2e)
Branch:                  2021.3/respin/2021.3.45f2-0da89fac8e
Build type:              Release
Batch mode:              YES
macOS version:           Version 15.6.1 (Build 24G90)
Darwin version:          24.6.0
Architecture:            x86_64
Running under Rosetta:   NO
Available memory:        32768 MB
Using pre-set license
Pro License: YES

COMMAND LINE ARGUMENTS:
/Applications/Unity/Hub/Editor/2021.3.45f2/Unity.app/Contents/MacOS/Unity
-adb2
-batchMode
-noUpm
-name
AssetImportWorker0
-projectPath
/Users/ceciliafernandez/Desktop/Courses/Docta-Unity/Docta-Unity/Simple_Machines
-logFile
Logs/AssetImportWorker0.log
-srvPort
63887
Successfully changed project path to: /Users/ceciliafernandez/Desktop/Courses/Docta-Unity/Docta-Unity/Simple_Machines
/Users/ceciliafernandez/Desktop/Courses/Docta-Unity/Docta-Unity/Simple_Machines
[UnityMemory] Configuration Parameters - Can be set up in boot.config
    "memorysetup-bucket-allocator-granularity=16"
    "memorysetup-bucket-allocator-bucket-count=8"
    "memorysetup-bucket-allocator-block-size=33554432"
    "memorysetup-bucket-allocator-block-count=8"
    "memorysetup-main-allocator-block-size=16777216"
    "memorysetup-thread-allocator-block-size=16777216"
    "memorysetup-gfx-main-allocator-block-size=16777216"
    "memorysetup-gfx-thread-allocator-block-size=16777216"
    "memorysetup-cache-allocator-block-size=4194304"
    "memorysetup-typetree-allocator-block-size=2097152"
    "memorysetup-profiler-bucket-allocator-granularity=16"
    "memorysetup-profiler-bucket-allocator-bucket-count=8"
    "memorysetup-profiler-bucket-allocator-block-size=33554432"
    "memorysetup-profiler-bucket-allocator-block-count=8"
    "memorysetup-profiler-allocator-block-size=16777216"
    "memorysetup-profiler-editor-allocator-block-size=1048576"
    "memorysetup-temp-allocator-size-main=16777216"
    "memorysetup-job-temp-allocator-block-size=2097152"
    "memorysetup-job-temp-allocator-block-size-background=1048576"
    "memorysetup-job-temp-allocator-reduction-small-platforms=262144"
    "memorysetup-temp-allocator-size-background-worker=32768"
    "memorysetup-temp-allocator-size-job-worker=262144"
    "memorysetup-temp-allocator-size-preload-manager=33554432"
    "memorysetup-temp-allocator-size-nav-mesh-worker=65536"
    "memorysetup-temp-allocator-size-audio-worker=65536"
    "memorysetup-temp-allocator-size-cloud-worker=32768"
    "memorysetup-temp-allocator-size-gi-baking-worker=262144"
    "memorysetup-temp-allocator-size-gfx=262144"
Player connection [140704269459328] Host "[IP] 192.168.100.173 [Port] 0 [Flags] 2 [Guid] 1388671509 [EditorId] 1388671509 [Version] 1048832 [Id] OSXEditor(0,Cecilias-MacBook-Pro.local) [Debug] 1 [PackageName] OSXEditor [ProjectName] Editor" joined multi-casting on [225.0.0.222:54997]...

Player connection [140704269459328] Host "[IP] 192.168.100.173 [Port] 0 [Flags] 2 [Guid] 1388671509 [EditorId] 1388671509 [Version] 1048832 [Id] OSXEditor(0,Cecilias-MacBook-Pro.local) [Debug] 1 [PackageName] OSXEditor [ProjectName] Editor" joined alternative multi-casting on [225.0.0.222:34997]...

[Physics::Module] Initialized MultithreadedJobDispatcher with {0} workers.
Refreshing native plugins compatible for Editor in 52.67 ms, found 2 plugins.
Preloading 0 native plugins for Editor in 0.00 ms.
Initialize engine version: 2021.3.45f2 (88f88f591b2e)
[Subsystems] Discovering subsystems at path /Applications/Unity/Hub/Editor/2021.3.45f2/Unity.app/Contents/Resources/UnitySubsystems
[Subsystems] Discovering subsystems at path /Users/ceciliafernandez/Desktop/Courses/Docta-Unity/Docta-Unity/Simple_Machines/Assets
GfxDevice: creating device client; threaded=0; jobified=0
Color LCD preferred device: Intel(R) Iris(TM) Plus Graphics (low power)
Metal devices available: 1
0: Intel(R) Iris(TM) Plus Graphics (low power)
Using device Intel(R) Iris(TM) Plus Graphics (low power)
Initializing Metal device caps: Intel(R) Iris(TM) Plus Graphics
Initialize mono
Mono path[0] = '/Applications/Unity/Hub/Editor/2021.3.45f2/Unity.app/Contents/Managed'
Mono path[1] = '/Applications/Unity/Hub/Editor/2021.3.45f2/Unity.app/Contents/MonoBleedingEdge/lib/mono/unityjit-macos'
Mono config path = '/Applications/Unity/Hub/Editor/2021.3.45f2/Unity.app/Contents/MonoBleedingEdge/etc'
Using monoOptions --debugger-agent=transport=dt_socket,embedding=1,server=y,suspend=n,address=127.0.0.1:56162
Begin MonoManager ReloadAssembly
Registering precompiled unity dll's ...
Register platform support module: /Applications/Unity/Hub/Editor/2021.3.45f2/Unity.app/Contents/PlaybackEngines/MacStandaloneSupport/UnityEditor.OSXStandalone.Extensions.dll
Registered in 0.001046 seconds.
Native extension for OSXStandalone target not found
Refreshing native plugins compatible for Editor in 49.78 ms, found 2 plugins.
Preloading 0 native plugins for Editor in 0.00 ms.
Mono: successfully reloaded assembly
- Completed reload, in  0.873 seconds
Domain Reload Profiling:
	ReloadAssembly (873ms)
		BeginReloadAssembly (132ms)
			ExecutionOrderSort (0ms)
			DisableScriptedObjects (0ms)
			BackupInstance (0ms)
			ReleaseScriptingObjects (0ms)
			CreateAndSetChildDomain (1ms)
		EndReloadAssembly (612ms)
			LoadAssemblies (131ms)
			RebuildTransferFunctionScriptingTraits (0ms)
			SetupTypeCache (155ms)
			ReleaseScriptCaches (0ms)
			RebuildScriptCaches (36ms)
			SetupLoadedEditorAssemblies (365ms)
				LogAssemblyErrors (0ms)
				InitializePlatformSupportModulesInManaged (8ms)
				SetLoadedEditorAssemblies (0ms)
				RefreshPlugins (50ms)
				BeforeProcessingInitializeOnLoad (1ms)
				ProcessInitializeOnLoadAttributes (249ms)
				ProcessInitializeOnLoadMethodAttributes (57ms)
				AfterProcessingInitializeOnLoad (0ms)
				EditorAssembliesLoaded (0ms)
			ExecutionOrderSort2 (0ms)
			AwakeInstancesAfterBackupRestoration (0ms)
Platform modules already initialized, skipping
Registering precompiled user dll's ...
Registered in 0.006125 seconds.
Begin MonoManager ReloadAssembly
Native extension for OSXStandalone target not found
Refreshing native plugins compatible for Editor in 0.41 ms, found 2 plugins.
Preloading 0 native plugins for Editor in 0.00 ms.
Package Manager log level set to [2]
[Package Manager] Server::EnsureServerProcessIsRunning -- launch failed, reason: Unity was launched with the -noUpm command-line argument
[Package Manager] Cannot connect to Unity Package Manager local server
Mono: successfully reloaded assembly
- Completed reload, in  1.505 seconds
Domain Reload Profiling:
	ReloadAssembly (1506ms)
		BeginReloadAssembly (134ms)
			ExecutionOrderSort (0ms)
			DisableScriptedObjects (8ms)
			BackupInstance (0ms)
			ReleaseScriptingObjects (0ms)
			CreateAndSetChildDomain (33ms)
		EndReloadAssembly (1240ms)
			LoadAssemblies (127ms)
			RebuildTransferFunctionScriptingTraits (0ms)
			SetupTypeCache (377ms)
			ReleaseScriptCaches (1ms)
			RebuildScriptCaches (71ms)
			SetupLoadedEditorAssemblies (608ms)
				LogAssemblyErrors (0ms)
				InitializePlatformSupportModulesInManaged (6ms)
				SetLoadedEditorAssemblies (1ms)
				RefreshPlugins (0ms)
				BeforeProcessingInitializeOnLoad (71ms)
				ProcessInitializeOnLoadAttributes (502ms)
				ProcessInitializeOnLoadMethodAttributes (25ms)
				AfterProcessingInitializeOnLoad (1ms)
				EditorAssembliesLoaded (0ms)
			ExecutionOrderSort2 (0ms)
			AwakeInstancesAfterBackupRestoration (5ms)
Platform modules already initialized, skipping
========================================================================
Worker process is ready to serve import requests
Launching external process: /Applications/Unity/Hub/Editor/2021.3.45f2/Unity.app/Contents/Tools/UnityShaderCompiler
Launched and connected shader compiler UnityShaderCompiler after 0.08 seconds
Refreshing native plugins compatible for Editor in 0.40 ms, found 2 plugins.
Preloading 0 native plugins for Editor in 0.00 ms.
Unloading 3080 Unused Serialized files (Serialized files now loaded: 0)
Unloading 24 unused Assets / (296.2 KB). Loaded Objects now: 3539.
Memory consumption went from 103.1 MB to 102.8 MB.
Total: 4.294629 ms (FindLiveObjects: 0.224175 ms CreateObjectMapping: 0.121570 ms MarkObjects: 3.814472 ms  DeleteObjects: 0.132744 ms)

AssetImportParameters requested are different than current active one (requested -> active):
  custom:video-decoder-ogg-theora: a1e56fd34408186e4bbccfd4996cb3dc -> 
  custom:container-muxer-webm: aa71ff27fc2769a1b78a27578f13a17b -> 
  custom:container-demuxer-webm: 4f35f7cbe854078d1ac9338744f61a02 -> 
  custom:video-encoder-webm-vp8: eb34c28f22e8b96e1ab97ce403110664 -> 
  custom:framework-osx-AVFoundation: e770b220cccbd017edd2c1fefb359320 -> 
  custom:CustomObjectIndexerAttribute: bc11b3a6c3213fcdd17b65e7da85e133 -> 
  custom:audio-encoder-webm-vorbis: bf7c407c2cedff20999df2af8eb42d56 -> 
  custom:SearchIndexIgnoredProperties: e643bd26f0fe6173181afceb89e7c659 -> 
  custom:container-demuxer-ogg: 62fdf1f143b41e24485cea50d1cbac27 -> 
  custom:video-decoder-webm-vp8: 9c59270c3fd7afecdb556c50c9e8de78 -> 
  custom:audio-decoder-ogg-vorbis: bf7c407c2cedff20999df2af8eb42d56 -> 
========================================================================
Received Import Request.
  Time since last request: 2164164.361751 seconds.
  path: Assets/Texturas
  artifactKey: Guid(5502eeadbcdde4359b3921a176df4535) Importer(815301076,1909f56bfc062723c751e8b465ee728b)
Number of updated assets reloaded before import = 0
Start importing Assets/Texturas using Guid(5502eeadbcdde4359b3921a176df4535) Importer(815301076,1909f56bfc062723c751e8b465ee728b)  -> (artifact id: '3f12d890f7e48217f109a301a1a0c6d9') in 0.011337 seconds 
Number of asset objects unloaded after import = 0
========================================================================
Received Import Request.
  Time since last request: 254.423759 seconds.
  path: Assets/Texturas/pexels-life-of-pix-8892.jpg
  artifactKey: Guid(3425a53761bb54787956e3a0b468c575) Importer(815301076,1909f56bfc062723c751e8b465ee728b)
Number of updated assets reloaded before import = 0
Start importing Assets/Texturas/pexels-life-of-pix-8892.jpg using Guid(3425a53761bb54787956e3a0b468c575) Importer(815301076,1909f56bfc062723c751e8b465ee728b)  -> (artifact id: 'cd4ab97ddd729efece60770ece9a557b') in 0.803004 seconds 
Number of asset objects unloaded after import = 2
========================================================================
Received Import Request.
  Time since last request: 1180.456728 seconds.
  path: Assets/Materiales
  artifactKey: Guid(4bc34e4d5dbc24e2dad88d4fd389979b) Importer(815301076,1909f56bfc062723c751e8b465ee728b)
Number of updated assets reloaded before import = 0
Start importing Assets/Materiales using Guid(4bc34e4d5dbc24e2dad88d4fd389979b) Importer(815301076,1909f56bfc062723c751e8b465ee728b)  -> (artifact id: 'fdd02923d02af5de4f3c27e98e07d781') in 0.004205 seconds 
Number of asset objects unloaded after import = 0
========================================================================
Received Import Request.
  Time since last request: 29.328974 seconds.
  path: Assets/Materiales/New Material.mat
  artifactKey: Guid(8953c3a277181473b97ba25570e86f46) Importer(815301076,1909f56bfc062723c751e8b465ee728b)
Number of updated assets reloaded before import = 0
Start importing Assets/Materiales/New Material.mat using Guid(8953c3a277181473b97ba25570e86f46) Importer(815301076,1909f56bfc062723c751e8b465ee728b)  -> (artifact id: '88767e92c88536256d3c86a854d1100e') in 1.204914 seconds 
Number of asset objects unloaded after import = 1
========================================================================
Received Import Request.
  Time since last request: 45.672891 seconds.
  path: Assets/Materiales/Metal.mat
  artifactKey: Guid(8953c3a277181473b97ba25570e86f46) Importer(815301076,1909f56bfc062723c751e8b465ee728b)
Number of updated assets reloaded before import = 0
Start importing Assets/Materiales/Metal.mat using Guid(8953c3a277181473b97ba25570e86f46) Importer(815301076,1909f56bfc062723c751e8b465ee728b)  -> (artifact id: '1c660c618215a3977f5258096b5ae683') in 0.014177 seconds 
Number of asset objects unloaded after import = 1
========================================================================
Received Import Request.
  Time since last request: 115.889244 seconds.
  path: Assets/Materiales/New Material.mat
  artifactKey: Guid(8548b513550b44d1bb8021c9cc945a9a) Importer(815301076,1909f56bfc062723c751e8b465ee728b)
Number of updated assets reloaded before import = 0
Start importing Assets/Materiales/New Material.mat using Guid(8548b513550b44d1bb8021c9cc945a9a) Importer(815301076,1909f56bfc062723c751e8b465ee728b)  -> (artifact id: '381331a56c075b7bba9f9c828a4b00c0') in 0.012813 seconds 
Number of asset objects unloaded after import = 1
========================================================================
Received Import Request.
  Time since last request: 59.043181 seconds.
  path: Assets/Materiales/Color.mat
  artifactKey: Guid(8548b513550b44d1bb8021c9cc945a9a) Importer(815301076,1909f56bfc062723c751e8b465ee728b)
Number of updated assets reloaded before import = 0
Start importing Assets/Materiales/Color.mat using Guid(8548b513550b44d1bb8021c9cc945a9a) Importer(815301076,1909f56bfc062723c751e8b465ee728b)  -> (artifact id: '2415065fdfe406e48a6ad0a89badacf0') in 0.014444 seconds 
Number of asset objects unloaded after import = 1
========================================================================
Received Import Request.
  Time since last request: 81.996469 seconds.
  path: Assets/Materiales/New Material.mat
  artifactKey: Guid(3578cef9a5a6c425d86c1b7e2d6497aa) Importer(815301076,1909f56bfc062723c751e8b465ee728b)
Number of updated assets reloaded before import = 0
Start importing Assets/Materiales/New Material.mat using Guid(3578cef9a5a6c425d86c1b7e2d6497aa) Importer(815301076,1909f56bfc062723c751e8b465ee728b)  -> (artifact id: 'd138acda299cf0ead15fdf1bb5774a3d') in 0.011192 seconds 
Number of asset objects unloaded after import = 1
========================================================================
Received Import Request.
  Time since last request: 402.517226 seconds.
  path: Assets/Materiales/Cemento.mat
  artifactKey: Guid(3578cef9a5a6c425d86c1b7e2d6497aa) Importer(815301076,1909f56bfc062723c751e8b465ee728b)
Number of updated assets reloaded before import = 0
Start importing Assets/Materiales/Cemento.mat using Guid(3578cef9a5a6c425d86c1b7e2d6497aa) Importer(815301076,1909f56bfc062723c751e8b465ee728b)  -> (artifact id: '9b11237eafe65bf640509ceaaa892282') in 0.015561 seconds 
Number of asset objects unloaded after import = 2
========================================================================
Received Import Request.
  Time since last request: 78.774777 seconds.
  path: Assets/Texturas/pexels-fwstudio-33348-129733.jpg
  artifactKey: Guid(426465e98b02c4875b49e73b14ecb395) Importer(815301076,1909f56bfc062723c751e8b465ee728b)
Number of updated assets reloaded before import = 0
Start importing Assets/Texturas/pexels-fwstudio-33348-129733.jpg using Guid(426465e98b02c4875b49e73b14ecb395) Importer(815301076,1909f56bfc062723c751e8b465ee728b)  -> (artifact id: '385ba032acc1e809ae195e1405b0040e') in 0.019364 seconds 
Number of asset objects unloaded after import = 2
========================================================================
Received Import Request.
  Time since last request: 14.044664 seconds.
  path: Assets/Materiales/Madera.mat
  artifactKey: Guid(600b097b6bc004673a31a34b2124627d) Importer(815301076,1909f56bfc062723c751e8b465ee728b)
Number of updated assets reloaded before import = 0
Start importing Assets/Materiales/Madera.mat using Guid(600b097b6bc004673a31a34b2124627d) Importer(815301076,1909f56bfc062723c751e8b465ee728b)  -> (artifact id: '597cfd2692c521fde3f0156c3c300e5a') in 0.010034 seconds 
Number of asset objects unloaded after import = 1
========================================================================
Received Import Request.
  Time since last request: 121.475262 seconds.
  path: Assets/Texturas/pexels-pixabay-207300.jpg
  artifactKey: Guid(7470d98633b2b446994a526df4ba0efc) Importer(815301076,1909f56bfc062723c751e8b465ee728b)
Number of updated assets reloaded before import = 0
Start importing Assets/Texturas/pexels-pixabay-207300.jpg using Guid(7470d98633b2b446994a526df4ba0efc) Importer(815301076,1909f56bfc062723c751e8b465ee728b)  -> (artifact id: '33780b09e885b524e78774e71298aaa4') in 0.011219 seconds 
Number of asset objects unloaded after import = 2
========================================================================
Received Import Request.
  Time since last request: 12.917485 seconds.
  path: Assets/Materiales/Cuero.mat
  artifactKey: Guid(cece9fc4f4f2b4c45befae891d5c48c1) Importer(815301076,1909f56bfc062723c751e8b465ee728b)
Number of updated assets reloaded before import = 0
Start importing Assets/Materiales/Cuero.mat using Guid(cece9fc4f4f2b4c45befae891d5c48c1) Importer(815301076,1909f56bfc062723c751e8b465ee728b)  -> (artifact id: '94a6d40049eb06134432f8459acd975c') in 0.009470 seconds 
Number of asset objects unloaded after import = 1
========================================================================
Received Import Request.
  Time since last request: 111.161724 seconds.
  path: Assets/Materiales/Corcho.mat
  artifactKey: Guid(82974f7d8eb944f579040a641aa17e04) Importer(815301076,1909f56bfc062723c751e8b465ee728b)
Number of updated assets reloaded before import = 0
Start importing Assets/Materiales/Corcho.mat using Guid(82974f7d8eb944f579040a641aa17e04) Importer(815301076,1909f56bfc062723c751e8b465ee728b)  -> (artifact id: 'd5f40fbe9352a48ad526629f7eadd674') in 0.010354 seconds 
Number of asset objects unloaded after import = 1
========================================================================
Received Import Request.
  Time since last request: 12.055248 seconds.
  path: Assets/Texturas/pexels-pixabay-247666.jpg
  artifactKey: Guid(82df28abd5ddc40fd84a959e4d7c268b) Importer(815301076,1909f56bfc062723c751e8b465ee728b)
Number of updated assets reloaded before import = 0
Start importing Assets/Texturas/pexels-pixabay-247666.jpg using Guid(82df28abd5ddc40fd84a959e4d7c268b) Importer(815301076,1909f56bfc062723c751e8b465ee728b)  -> (artifact id: '560f005377c4521490ac7ac09b11c6b9') in 0.013532 seconds 
Number of asset objects unloaded after import = 2
========================================================================
Received Import Request.
  Time since last request: 36.156025 seconds.
  path: Assets/Materiales/Corcho.mat
  artifactKey: Guid(82974f7d8eb944f579040a641aa17e04) Importer(815301076,1909f56bfc062723c751e8b465ee728b)
Number of updated assets reloaded before import = 0
Start importing Assets/Materiales/Corcho.mat using Guid(82974f7d8eb944f579040a641aa17e04) Importer(815301076,1909f56bfc062723c751e8b465ee728b)  -> (artifact id: '516ad4bc1902c0c53eb821e0a5d9050c') in 0.028597 seconds 
Number of asset objects unloaded after import = 2
========================================================================
Received Import Request.
  Time since last request: 0.000146 seconds.
  path: Assets/Materiales/Madera.mat
  artifactKey: Guid(600b097b6bc004673a31a34b2124627d) Importer(815301076,1909f56bfc062723c751e8b465ee728b)
Number of updated assets reloaded before import = 0
Start importing Assets/Materiales/Madera.mat using Guid(600b097b6bc004673a31a34b2124627d) Importer(815301076,1909f56bfc062723c751e8b465ee728b)  -> (artifact id: '4dfa4cb0899492ad12cf5d82bda281b8') in 0.011923 seconds 
Number of asset objects unloaded after import = 2
========================================================================
Received Import Request.
  Time since last request: 0.000149 seconds.
  path: Assets/Materiales/Metal.mat
  artifactKey: Guid(8953c3a277181473b97ba25570e86f46) Importer(815301076,1909f56bfc062723c751e8b465ee728b)
Number of updated assets reloaded before import = 0
Start importing Assets/Materiales/Metal.mat using Guid(8953c3a277181473b97ba25570e86f46) Importer(815301076,1909f56bfc062723c751e8b465ee728b)  -> (artifact id: '79ba5e1761e72e9c263bf8295fb4afeb') in 0.024496 seconds 
Number of asset objects unloaded after import = 1
========================================================================
Received Prepare
Registering precompiled user dll's ...
Registered in 0.002959 seconds.
Begin MonoManager ReloadAssembly
Native extension for OSXStandalone target not found
Refreshing native plugins compatible for Editor in 0.95 ms, found 2 plugins.
Preloading 0 native plugins for Editor in 0.00 ms.
[Package Manager] Server::EnsureServerProcessIsRunning -- launch failed, reason: Unity was launched with the -noUpm command-line argument
[Package Manager] Cannot connect to Unity Package Manager local server
Mono: successfully reloaded assembly
- Completed reload, in  2.784 seconds
Domain Reload Profiling:
	ReloadAssembly (2786ms)
		BeginReloadAssembly (324ms)
			ExecutionOrderSort (0ms)
			DisableScriptedObjects (10ms)
			BackupInstance (0ms)
			ReleaseScriptingObjects (0ms)
			CreateAndSetChildDomain (146ms)
		EndReloadAssembly (2259ms)
			LoadAssemblies (150ms)
			RebuildTransferFunctionScriptingTraits (0ms)
			SetupTypeCache (637ms)
			ReleaseScriptCaches (3ms)
			RebuildScriptCaches (117ms)
			SetupLoadedEditorAssemblies (1254ms)
				LogAssemblyErrors (0ms)
				InitializePlatformSupportModulesInManaged (10ms)
				SetLoadedEditorAssemblies (2ms)
				RefreshPlugins (1ms)
				BeforeProcessingInitializeOnLoad (86ms)
				ProcessInitializeOnLoadAttributes (1106ms)
				ProcessInitializeOnLoadMethodAttributes (47ms)
				AfterProcessingInitializeOnLoad (2ms)
				EditorAssembliesLoaded (0ms)
			ExecutionOrderSort2 (0ms)
			AwakeInstancesAfterBackupRestoration (11ms)
Platform modules already initialized, skipping
Refreshing native plugins compatible for Editor in 0.78 ms, found 2 plugins.
Preloading 0 native plugins for Editor in 0.00 ms.
Unloading 3073 Unused Serialized files (Serialized files now loaded: 0)
Unloading 19 unused Assets / (21.9 KB). Loaded Objects now: 3586.
Memory consumption went from 113.4 MB to 113.4 MB.
Total: 5.044649 ms (FindLiveObjects: 0.406060 ms CreateObjectMapping: 0.288486 ms MarkObjects: 4.254928 ms  DeleteObjects: 0.092165 ms)

AssetImportParameters requested are different than current active one (requested -> active):
  custom:video-decoder-ogg-theora: a1e56fd34408186e4bbccfd4996cb3dc -> 
  custom:container-muxer-webm: aa71ff27fc2769a1b78a27578f13a17b -> 
  custom:container-demuxer-webm: 4f35f7cbe854078d1ac9338744f61a02 -> 
  custom:video-encoder-webm-vp8: eb34c28f22e8b96e1ab97ce403110664 -> 
  custom:framework-osx-AVFoundation: e770b220cccbd017edd2c1fefb359320 -> 
  custom:CustomObjectIndexerAttribute: bc11b3a6c3213fcdd17b65e7da85e133 -> 
  custom:audio-encoder-webm-vorbis: bf7c407c2cedff20999df2af8eb42d56 -> 
  custom:SearchIndexIgnoredProperties: e643bd26f0fe6173181afceb89e7c659 -> 
  custom:container-demuxer-ogg: 62fdf1f143b41e24485cea50d1cbac27 -> 
  custom:video-decoder-webm-vp8: 9c59270c3fd7afecdb556c50c9e8de78 -> 
  custom:audio-decoder-ogg-vorbis: bf7c407c2cedff20999df2af8eb42d56 -> 
